// Jest Snapshot v1, https://goo.gl/fbAQLP

exports[`rendering should render valid snapshot with default props 1`] = `
<div
  className="multiple-value-text-input"
>
  <label
    className=""
    htmlFor="test-input"
  >
    <div
      className="multiple-value-text-input-item-container"
    />
    <input
      className=""
      name="test-input"
      onBlur={[Function]}
      onChange={[Function]}
      onKeyPress={[Function]}
      placeholder=""
      type="text"
      value=""
    />
  </label>
</div>
`;

exports[`rendering should render valid snapshot with passed props 1`] = `
<div
  className="multiple-value-text-input"
>
  <label
    className=""
    htmlFor="test-input"
  >
    Test Label
    <div
      className="multiple-value-text-input-item-container"
    />
    <input
      className=""
      name="test-input"
      onBlur={[Function]}
      onChange={[Function]}
      onKeyPress={[Function]}
      placeholder="Test Placeholder"
      type="text"
      value=""
    />
  </label>
</div>
`;
